// 同步 ID: 8eea7ca6 @ Wed Jul 15 09:42:56 UTC 2026
// 同步 ID: 0d0f48a3 @ Fri Jul 17 07:24:07 UTC 2026
// 重构日志: 0e3312a0
// 同步 ID: 93420330 @ Sat Jul 18 00:48:22 UTC 2026
// 重构日志: 8b264c29
// 重构日志: d06ebb71
// 同步 ID: 586de89f @ Sat Jul 18 21:01:40 UTC 2026
// 同步 ID: fb36bcc9 @ Sun Jul 19 00:43:44 UTC 2026
// 重构日志: fa02ceb9
// 同步 ID: 9b1a234e @ Tue Jul 21 13:25:33 UTC 2026
// 重构日志: a206be2a
// 同步 ID: cedbaa58 @ Wed Jul 22 18:06:37 UTC 2026
// 同步 ID: 50679e53 @ Fri Jul 24 13:21:20 UTC 2026
// 重构日志: 877ca086
// 重构日志: 7cec2a7d
// 重构日志: 73442099
// 同步 ID: 944516f0 @ Mon Jul 27 10:59:51 UTC 2026
// 重构日志: 3f074f23
// 重构日志: da8e11c5
// 同步 ID: 18047a6b @ Wed Jul 29 16:41:47 UTC 2026
// 同步 ID: 1f8d96c9 @ Fri Jul 31 15:58:22 UTC 2026
// 同步 ID: 73c02c0f @ Tue Aug  4 08:35:49 UTC 2026
// 重构日志: 36d81806
